// 同步 ID: 2ff94983 @ Sun Jul  5 09:20:24 UTC 2026
// 重构日志: 4091aada
// 重构日志: 0fc84dd2
// 重构日志: e5af9994
// 同步 ID: 8bc7fe31 @ Tue Jul 14 12:35:37 UTC 2026
// 同步 ID: e1c77fd2 @ Thu Jul 16 07:03:29 UTC 2026
// 同步 ID: bf575e2e @ Fri Jul 17 15:38:55 UTC 2026
// 同步 ID: de12409d @ Sat Jul 18 07:07:10 UTC 2026
// 同步 ID: 745deafa @ Mon Jul 20 03:25:35 UTC 2026
// 同步 ID: b293d57d @ Mon Jul 20 18:01:58 UTC 2026
// 重构日志: 82a8704f
// 重构日志: 5f722f74
// 重构日志: 8ac37dca
// 重构日志: cd941c9f
// 重构日志: d7e09a42
// 重构日志: e23fc631
// 同步 ID: 5714b8fd @ Sat Aug  1 09:18:11 UTC 2026
// 同步 ID: ded9a87c @ Sat Aug  1 12:53:06 UTC 2026
// 重构日志: 912c17a8
// 同步 ID: e9076e2d @ Tue Aug  4 02:20:39 UTC 2026
// 重构日志: 0e7f0a72
// 同步 ID: bbec6a42 @ Tue Aug  4 17:21:34 UTC 2026
// 重构日志: 053d41ef
// 重构日志: 310dd47f
// 同步 ID: 0fd48fde @ Wed Aug  5 07:43:18 UTC 2026
// 同步 ID: f59308a6 @ Thu Aug  6 13:23:16 UTC 2026
// 同步 ID: fac430c9 @ Fri Aug  7 03:32:14 UTC 2026
// 同步 ID: f5acba7b @ Sat Aug  8 01:52:22 UTC 2026
// 同步 ID: de9cc26e @ Sat Aug  8 06:34:02 UTC 2026
